
[TestSimple - 1]
( Tag ( OPEN TAG ( NAME ( a ) ( ATTRIBUTE EPSILLON ) ) ) ( ELEMTN_SUFFIX_OPEN ( CONTENT ELEMENT ( DATA ( hello ) ( CONTENT EPSILLON ) ) ( CLOSE TAG ( NAME ( a ) ) ) ) ) 
---

[TestNesting - 1]
( Tag ( OPEN TAG ( NAME ( a ) ( ATTRIBUTE EPSILLON ) ) ) ( ELEMTN_SUFFIX_OPEN ( CONTENT ELEMENT ( Tag ( OPEN TAG ( NAME ( b ) ( ATTRIBUTE EPSILLON ) ) ) ( ELEMTN_SUFFIX_OPEN ( CONTENT ELEMENT ( DATA ( Something ) ( CONTENT EPSILLON ) ) ( CLOSE TAG ( NAME ( b ) ) ) ) ) ( CONTENT EPSILLON ) ) ( CLOSE TAG ( NAME ( a ) ) ) ) ) 
---

[TestSelfClosing - 1]
( Tag ( OPEN TAG ( NAME ( atag ) ( ATTRIBUTE ELEMENT ( NAME ( bruh ) STRING ( hello-world ) ( ATTRIBUTE EPSILLON ) ) ) ) ( ELEMENT_SUFFIX_CLOSE ) ) 
---

[TestAttributes - 1]
( Tag ( OPEN TAG ( NAME ( a ) ( ATTRIBUTE ELEMENT ( NAME ( hello ) STRING ( world ) ( ATTRIBUTE EPSILLON ) ) ) ) ( ELEMTN_SUFFIX_OPEN ( CONTENT EPSILLON ) ( CLOSE TAG ( NAME ( a ) ) ) ) ) 
---
