
[TestBasicTokens - 1]
[]lexer.Token{
    {Token:"<", Token_content:""},
    {Token:"TEXT", Token_content:"a"},
    {Token:">", Token_content:""},
    {Token:"TEXT", Token_content:"Tag"},
    {Token:"</", Token_content:""},
    {Token:"TEXT", Token_content:"/a"},
    {Token:">", Token_content:""},
}
---
