
[TestNestingAndSibling - 1]
{"a":{"b":{"d":"hello","e":"world"},"c":"World
    "}}
---

[TestSameKeySiblings - 1]
{"a":{"b":["Hello","World"]}}
---

[TestMoreComplex - 1]
{"a":{"d":["123","123","123","123"],"e":{"a":["123","321"]},"b":["Hello","World","dmsakmdsa","another"],"c":"Another different value"}}
---

[TestDeepNestingArray - 1]
{"a":{"c":"Hello","b":{"d":["123","321"]}}}
---
